[  4%] Automatic MOC for target noisemaker-qt
[  4%] Built target noisemaker-qt_autogen
[ 12%] Building CXX object CMakeFiles/noisemaker-qt.dir/noisemaker/runtime/graph.cpp.o
[ 12%] Building CXX object CMakeFiles/noisemaker-qt.dir/noisemaker-qt_autogen/mocs_compilation.cpp.o
[ 12%] Building CXX object CMakeFiles/noisemaker-qt.dir/noisemaker/runtime/shader_assembly.cpp.o
[ 12%] Building CXX object CMakeFiles/noisemaker-qt.dir/noisemaker/runtime/surface.cpp.o
[ 16%] Building CXX object CMakeFiles/noisemaker-qt.dir/noisemaker/runtime/device_limits.cpp.o
[ 16%] Building CXX object CMakeFiles/noisemaker-qt.dir/noisemaker/runtime/pingpong.cpp.o
[ 20%] Building CXX object CMakeFiles/noisemaker-qt.dir/noisemaker/runtime/agents.cpp.o
[ 20%] Building CXX object CMakeFiles/noisemaker-qt.dir/noisemaker/runtime/output_sink.cpp.o
[ 24%] Building CXX object CMakeFiles/noisemaker-qt.dir/noisemaker/runtime/frame_export.cpp.o
[ 24%] Building CXX object CMakeFiles/noisemaker-qt.dir/noisemaker/runtime/obj_parser.cpp.o
[ 28%] Building CXX object CMakeFiles/noisemaker-qt.dir/noisemaker/runtime/backend.cpp.o
[ 28%] Building CXX object CMakeFiles/noisemaker-qt.dir/noisemaker/runtime/png_io.cpp.o
[ 32%] Building CXX object CMakeFiles/noisemaker-qt.dir/noisemaker/runtime/parameters.cpp.o
[ 32%] Building CXX object CMakeFiles/noisemaker-qt.dir/noisemaker/runtime/midi_state.cpp.o
[ 36%] Building CXX object CMakeFiles/noisemaker-qt.dir/noisemaker/runtime/audio_analyzer.cpp.o
[ 40%] Building CXX object CMakeFiles/noisemaker-qt.dir/noisemaker/runtime/audio_state.cpp.o
[ 40%] Building CXX object CMakeFiles/noisemaker-qt.dir/noisemaker/runtime/text_texture.cpp.o
[ 44%] Building CXX object CMakeFiles/noisemaker-qt.dir/noisemaker/runtime/stroke_canvas.cpp.o
[ 44%] Building CXX object CMakeFiles/noisemaker-qt.dir/noisemaker/runtime/worm_tracer.cpp.o
[ 48%] Building CXX object CMakeFiles/noisemaker-qt.dir/noisemaker/runtime/async_overlay.cpp.o
[ 48%] Building CXX object CMakeFiles/noisemaker-qt.dir/noisemaker/compiler/diagnostics.cpp.o
[ 52%] Building CXX object CMakeFiles/noisemaker-qt.dir/noisemaker/compiler/lexer.cpp.o
[ 52%] Building CXX object CMakeFiles/noisemaker-qt.dir/noisemaker/compiler/parser.cpp.o
[ 56%] Building CXX object CMakeFiles/noisemaker-qt.dir/noisemaker/compiler/enums.cpp.o
[ 56%] Building CXX object CMakeFiles/noisemaker-qt.dir/noisemaker/compiler/effect_registry.cpp.o
[ 60%] Building CXX object CMakeFiles/noisemaker-qt.dir/noisemaker/compiler/effect_validator.cpp.o
[ 60%] Building CXX object CMakeFiles/noisemaker-qt.dir/noisemaker/compiler/js_number.cpp.o
[ 64%] Building CXX object CMakeFiles/noisemaker-qt.dir/noisemaker/compiler/js_unicode.cpp.o
[ 68%] Building CXX object CMakeFiles/noisemaker-qt.dir/noisemaker/compiler/js_regexp.cpp.o
[ 68%] Building CXX object CMakeFiles/noisemaker-qt.dir/noisemaker/compiler/js_syntax.cpp.o
[ 72%] Building CXX object CMakeFiles/noisemaker-qt.dir/noisemaker/compiler/validator.cpp.o
[ 72%] Building CXX object CMakeFiles/noisemaker-qt.dir/noisemaker/compiler/dim.cpp.o
[ 76%] Building CXX object CMakeFiles/noisemaker-qt.dir/noisemaker/compiler/resources.cpp.o
[ 76%] Building CXX object CMakeFiles/noisemaker-qt.dir/noisemaker/compiler/expander.cpp.o
[ 80%] Building CXX object CMakeFiles/noisemaker-qt.dir/noisemaker/compiler/dsl_compiler.cpp.o
[ 80%] Linking CXX static library libnoisemaker-qt.a
[ 80%] Built target noisemaker-qt
[ 84%] Automatic MOC for target nm-render
[ 84%] Built target nm-render_autogen
[ 92%] Building CXX object CMakeFiles/nm-render.dir/tools/nm-render/dump_lex.cpp.o
[ 92%] Building CXX object CMakeFiles/nm-render.dir/tools/nm-render/dump_parse.cpp.o
[ 92%] Building CXX object CMakeFiles/nm-render.dir/nm-render_autogen/mocs_compilation.cpp.o
[ 92%] Building CXX object CMakeFiles/nm-render.dir/tools/nm-render/dump_graph.cpp.o
[ 96%] Building CXX object CMakeFiles/nm-render.dir/tools/nm-render/dump_validate.cpp.o
[ 96%] Building CXX object CMakeFiles/nm-render.dir/tools/nm-render/main.cpp.o
[100%] Building CXX object CMakeFiles/nm-render.dir/tools/nm-render/render_samples.cpp.o
[100%] Linking CXX executable nm-render
[100%] Built target nm-render
[  5%] Automatic MOC for target noisemaker-qt
[  5%] Built target noisemaker-qt_autogen
[100%] Built target noisemaker-qt
[  4%] Automatic MOC for target noisemaker-qt
[  4%] Built target noisemaker-qt_autogen
[ 90%] Built target noisemaker-qt
[ 90%] Automatic MOC for target noisemaker-qt-quick
[ 90%] Built target noisemaker-qt-quick_autogen
[ 90%] Building CXX object CMakeFiles/noisemaker-qt-quick.dir/quick/noisemaker_item.cpp.o
[ 95%] Building CXX object CMakeFiles/noisemaker-qt-quick.dir/noisemaker-qt-quick_autogen/mocs_compilation.cpp.o
[100%] Linking CXX static library libnoisemaker-qt-quick.a
[100%] Built target noisemaker-qt-quick
