=== m1 fibers ===
[parity] wrote /state/mints/gap026/m1/fibers.graph.json
[parity] golden WebGL renderer: ANGLE (Mesa/X.org, llvmpipe (LLVM 15.0.6 256 bits), OpenGL 4.5)
[parity] wrote /state/mints/gap026/m1/fibers.node_1_overlayTex.png
[parity] reset stateful surfaces before the 8-frame protocol: ["o0","o1","o2","o3","o4","o5","o6","o7"]
[parity] wrote /state/mints/gap026/m1/fibers.golden.png (256x256, time=0.25, backend=webgl2)
=== m1 scratches ===
[parity] wrote /state/mints/gap026/m1/scratches.graph.json
[parity] golden WebGL renderer: ANGLE (Mesa/X.org, llvmpipe (LLVM 15.0.6 256 bits), OpenGL 4.5)
[parity] wrote /state/mints/gap026/m1/scratches.node_1_overlayTex.png
[parity] reset stateful surfaces before the 8-frame protocol: ["o0","o1","o2","o3","o4","o5","o6","o7"]
[parity] wrote /state/mints/gap026/m1/scratches.golden.png (256x256, time=0.25, backend=webgl2)
=== m1 strayHair ===
[parity] wrote /state/mints/gap026/m1/strayHair.graph.json
[parity] golden WebGL renderer: ANGLE (Mesa/X.org, llvmpipe (LLVM 15.0.6 256 bits), OpenGL 4.5)
[parity] wrote /state/mints/gap026/m1/strayHair.node_1_overlayTex.png
[parity] reset stateful surfaces before the 8-frame protocol: ["o0","o1","o2","o3","o4","o5","o6","o7"]
[parity] wrote /state/mints/gap026/m1/strayHair.golden.png (256x256, time=0.25, backend=webgl2)
=== m1 text ===
[parity] wrote /state/mints/gap026/m1/text.graph.json
[parity] golden WebGL renderer: ANGLE (Mesa/X.org, llvmpipe (LLVM 15.0.6 256 bits), OpenGL 4.5)
[parity] wrote /state/mints/gap026/m1/text.textTex_step_1.png
[parity] reset stateful surfaces before the 8-frame protocol: ["o0","o1","o2","o3","o4","o5","o6","o7"]
[parity] wrote /state/mints/gap026/m1/text.golden.png (256x256, time=0.25, backend=webgl2)
=== m2 fibers ===
[parity] wrote /state/mints/gap026/m2/fibers.graph.json
[parity] golden WebGL renderer: ANGLE (Mesa/X.org, llvmpipe (LLVM 15.0.6 256 bits), OpenGL 4.5)
[parity] wrote /state/mints/gap026/m2/fibers.node_1_overlayTex.png
[parity] reset stateful surfaces before the 8-frame protocol: ["o0","o1","o2","o3","o4","o5","o6","o7"]
[parity] wrote /state/mints/gap026/m2/fibers.golden.png (256x256, time=0.25, backend=webgl2)
=== m2 scratches ===
[parity] wrote /state/mints/gap026/m2/scratches.graph.json
[parity] golden WebGL renderer: ANGLE (Mesa/X.org, llvmpipe (LLVM 15.0.6 256 bits), OpenGL 4.5)
[parity] wrote /state/mints/gap026/m2/scratches.node_1_overlayTex.png
[parity] reset stateful surfaces before the 8-frame protocol: ["o0","o1","o2","o3","o4","o5","o6","o7"]
[parity] wrote /state/mints/gap026/m2/scratches.golden.png (256x256, time=0.25, backend=webgl2)
=== m2 strayHair ===
[parity] wrote /state/mints/gap026/m2/strayHair.graph.json
[parity] golden WebGL renderer: ANGLE (Mesa/X.org, llvmpipe (LLVM 15.0.6 256 bits), OpenGL 4.5)
[parity] wrote /state/mints/gap026/m2/strayHair.node_1_overlayTex.png
[parity] reset stateful surfaces before the 8-frame protocol: ["o0","o1","o2","o3","o4","o5","o6","o7"]
[parity] wrote /state/mints/gap026/m2/strayHair.golden.png (256x256, time=0.25, backend=webgl2)
=== m2 text ===
[parity] wrote /state/mints/gap026/m2/text.graph.json
[parity] golden WebGL renderer: ANGLE (Mesa/X.org, llvmpipe (LLVM 15.0.6 256 bits), OpenGL 4.5)
[parity] wrote /state/mints/gap026/m2/text.textTex_step_1.png
[parity] reset stateful surfaces before the 8-frame protocol: ["o0","o1","o2","o3","o4","o5","o6","o7"]
[parity] wrote /state/mints/gap026/m2/text.golden.png (256x256, time=0.25, backend=webgl2)
=== m3 fibers ===
[parity] wrote /state/mints/gap026/m3/fibers.graph.json
[parity] golden WebGL renderer: ANGLE (Mesa/X.org, llvmpipe (LLVM 15.0.6 256 bits), OpenGL 4.5)
[parity] wrote /state/mints/gap026/m3/fibers.node_1_overlayTex.png
[parity] reset stateful surfaces before the 8-frame protocol: ["o0","o1","o2","o3","o4","o5","o6","o7"]
[parity] wrote /state/mints/gap026/m3/fibers.golden.png (256x256, time=0.25, backend=webgl2)
=== m3 scratches ===
[parity] wrote /state/mints/gap026/m3/scratches.graph.json
[parity] golden WebGL renderer: ANGLE (Mesa/X.org, llvmpipe (LLVM 15.0.6 256 bits), OpenGL 4.5)
[parity] wrote /state/mints/gap026/m3/scratches.node_1_overlayTex.png
[parity] reset stateful surfaces before the 8-frame protocol: ["o0","o1","o2","o3","o4","o5","o6","o7"]
[parity] wrote /state/mints/gap026/m3/scratches.golden.png (256x256, time=0.25, backend=webgl2)
=== m3 strayHair ===
[parity] wrote /state/mints/gap026/m3/strayHair.graph.json
[parity] golden WebGL renderer: ANGLE (Mesa/X.org, llvmpipe (LLVM 15.0.6 256 bits), OpenGL 4.5)
[parity] wrote /state/mints/gap026/m3/strayHair.node_1_overlayTex.png
[parity] reset stateful surfaces before the 8-frame protocol: ["o0","o1","o2","o3","o4","o5","o6","o7"]
[parity] wrote /state/mints/gap026/m3/strayHair.golden.png (256x256, time=0.25, backend=webgl2)
=== m3 text ===
[parity] wrote /state/mints/gap026/m3/text.graph.json
[parity] golden WebGL renderer: ANGLE (Mesa/X.org, llvmpipe (LLVM 15.0.6 256 bits), OpenGL 4.5)
[parity] wrote /state/mints/gap026/m3/text.textTex_step_1.png
[parity] reset stateful surfaces before the 8-frame protocol: ["o0","o1","o2","o3","o4","o5","o6","o7"]
[parity] wrote /state/mints/gap026/m3/text.golden.png (256x256, time=0.25, backend=webgl2)
ALL_MINTS_DONE
=== m4 fibers ===
[parity] wrote /state/mints/gap026/m4/fibers.graph.json
[parity] golden WebGL renderer: ANGLE (Mesa/X.org, llvmpipe (LLVM 15.0.6 256 bits), OpenGL 4.5)
[parity] wrote /state/mints/gap026/m4/fibers.node_1_overlayTex.png
[parity] reset stateful surfaces before the 8-frame protocol: ["o0","o1","o2","o3","o4","o5","o6","o7"]
[parity] wrote /state/mints/gap026/m4/fibers.golden.png (256x256, time=0.25, backend=webgl2)
=== m4 scratches ===
[parity] wrote /state/mints/gap026/m4/scratches.graph.json
[parity] golden WebGL renderer: ANGLE (Mesa/X.org, llvmpipe (LLVM 15.0.6 256 bits), OpenGL 4.5)
[parity] wrote /state/mints/gap026/m4/scratches.node_1_overlayTex.png
[parity] reset stateful surfaces before the 8-frame protocol: ["o0","o1","o2","o3","o4","o5","o6","o7"]
[parity] wrote /state/mints/gap026/m4/scratches.golden.png (256x256, time=0.25, backend=webgl2)
=== m4 strayHair ===
[parity] wrote /state/mints/gap026/m4/strayHair.graph.json
[parity] golden WebGL renderer: ANGLE (Mesa/X.org, llvmpipe (LLVM 15.0.6 256 bits), OpenGL 4.5)
[parity] wrote /state/mints/gap026/m4/strayHair.node_1_overlayTex.png
[parity] reset stateful surfaces before the 8-frame protocol: ["o0","o1","o2","o3","o4","o5","o6","o7"]
[parity] wrote /state/mints/gap026/m4/strayHair.golden.png (256x256, time=0.25, backend=webgl2)
=== m4 text ===
[parity] wrote /state/mints/gap026/m4/text.graph.json
[parity] golden WebGL renderer: ANGLE (Mesa/X.org, llvmpipe (LLVM 15.0.6 256 bits), OpenGL 4.5)
[parity] wrote /state/mints/gap026/m4/text.textTex_step_1.png
[parity] reset stateful surfaces before the 8-frame protocol: ["o0","o1","o2","o3","o4","o5","o6","o7"]
[parity] wrote /state/mints/gap026/m4/text.golden.png (256x256, time=0.25, backend=webgl2)
LOAD_MINT_DONE
